../Drivers/STM32WLxx_HAL_Driver/Inc/stm32wlxx_ll_bus.h:287:22:LL_AHB1_GRP1_EnableClock	24	static
../Drivers/STM32WLxx_HAL_Driver/Inc/stm32wlxx_ll_bus.h:449:22:LL_AHB2_GRP1_EnableClock	24	static
../Core/Src/main.c:97:5:main	64	static
../Core/Src/main.c:191:6:SystemClock_Config	112	static
../Core/Src/main.c:235:13:MX_LPUART1_UART_Init	8	static
../Core/Src/main.c:280:13:MX_USART1_UART_Init	8	static
../Core/Src/main.c:325:13:MX_USART2_UART_Init	8	static
../Core/Src/main.c:370:6:MX_SUBGHZ_Init	8	static
../Core/Src/main.c:394:13:MX_TIM1_Init	40	static
../Core/Src/main.c:436:13:MX_DMA_Init	8	static
../Core/Src/main.c:463:13:MX_GPIO_Init	32	static
../Core/Src/main.c:511:6:DioIrqHndlr	24	static
../Core/Src/main.c:532:6:Error_Handler	4	static,ignoring_inline_asm
